# FIXTURE -- HAND-WRITTEN. Not produced by core/generator, and no code in
# core/generator/ may be used to read, regenerate or validate it.
# Source schema: SWIFT MT940 Customer Statement Message (FIN message MT 940).
# Tag semantics are VERIFIED-BY-STANDARD -- :20: transaction reference,
# :25: account identification, :28C: statement/sequence number, :60F: opening
# booked balance, :61: statement line, :86: information to account owner,
# :62F: closing booked balance, :64: closing available balance. MT940 is a
# published SWIFT standard, unlike the bank CSV layouts of phase 1: see
# ADAPTERS-REPORT.md for the distinction.
# One statement, 8 statement lines, zero expected quarantine.
# BALANCE CHAIN, hand-computed in paise:
#   opening                       25000000
#   +7115304 -45000 +956868 -1000000 -2550050 +4526004 -500000 +758327
#   = movements                    9261453
#   closing                       34261453  -> :62F: 342614,53
:20:STMT260814001
:25:HDFC0000123/50200012345678
:28C:00142/00001
:60F:C260813INR250000,00
:61:2608140814CR71153,04NTRFN260803HDFC00001//HDFCR52026081401
:86:NEFT CR-RAZORPAY SOFTWARE PVT LTD-N260803HDFC00001
:61:2608140814D450,00NTRFUPI2608140000123//HDFCR52026081402
:86:UPI-SWIGGY-swiggy@axis-YBL260814000012345
:61:2608150815CR9568,68NTRFN260804HDFC00002//HDFCR52026081503
:86:NEFT CR-RAZORPAY SOFTWARE PVT LTD-N260804HDFC00002
:61:2608150815D10000,00NCHQATM0001234MUMBAI
:86:ATM WDL 0001234 MUMBAI ANDHERI
:61:2608160816D25500,50NTRFIMPS260816123456//HDFCR52026081605
:86:IMPS-260816123456-VENDOR PAYOUT AGAINST INVOICE INV-2026-0881
RAISED BY SUPPLIER LTD ON 12 AUGUST 2026 UTR: HDFCR52026081605
:61:2608160816CR45260,04NTRFN260816HDFC00003//HDFCR52026081606
:86:NEFT CR-RAZORPAY SOFTWARE PVT LTD-N260816HDFC00003
:61:2608170817D5000,00NCHQ000000000123
:86:CHQ PAID 000123
:61:2608170817CR7583,27NTRFN260817HDFC00004//HDFCR52026081708
:86:NEFT CR-RAZORPAY SOFTWARE PVT LTD-N260817HDFC00004
:62F:C260817INR342614,53
:64:C260817INR342614,53
